// Jest Snapshot v1, https://goo.gl/fbAQLP

exports[`NotFoundPage renders correctly 1`] = `
<body>
  <div>
    <section
      class="section"
    >
      <div
        class="content container"
      >
        <div
          class="message is-large is-primary"
        >
          <div
            class="message-header"
          >
            <span>
              The requested page could not be found!
            </span>
          </div>
          <div
            class="message-body"
          >
            <span>
              Perhaps it has moved or been deleted.
            </span>
          </div>
        </div>
      </div>
    </section>
  </div>
</body>
`;
